  Определение проектов для восстановления...
  Все проекты обновлены для восстановления.
  DigitalMe -> C:\Sources\DigitalMe\DigitalMe\bin\Debug\net8.0\DigitalMe.dll
  DigitalMe.Tests.Unit -> C:\Sources\DigitalMe\tests\DigitalMe.Tests.Unit\bin\Debug\net8.0\DigitalMe.Tests.Unit.dll
  DigitalMe.Web -> C:\Sources\DigitalMe\src\DigitalMe.Web\bin\Debug\net8.0\DigitalMe.Web.dll
  DigitalMe.Tests.Integration -> C:\Sources\DigitalMe\tests\DigitalMe.Tests.Integration\bin\Debug\net8.0\DigitalMe.Tests.Integration.dll
Тестовый запуск для C:\Sources\DigitalMe\tests\DigitalMe.Tests.Integration\bin\Debug\net8.0\DigitalMe.Tests.Integration.dll (.NETCoreApp,Version=v8.0)
Версия VSTest 17.11.1 (x64)

Запуск выполнения тестов; подождите...
Общее количество тестовых файлов (1), соответствующих указанному шаблону.
[xUnit.net 00:00:09.03]     DigitalMe.Tests.Integration.ChatFlowTests.ChatFlow_WithoutIvanPersonality_ShouldReturnError [FAIL]
  Не пройден DigitalMe.Tests.Integration.ChatFlowTests.ChatFlow_WithoutIvanPersonality_ShouldReturnError [8 s]
  Сообщение об ошибке:
   Expected errorMessages to contain 1 item(s) because should receive error when Ivan's personality is not found, but found 0: {empty}.
  Трассировка стека:
     at FluentAssertions.Execution.LateBoundTestFramework.Throw(String message)
   at FluentAssertions.Execution.DefaultAssertionStrategy.HandleFailure(String message)
   at FluentAssertions.Execution.AssertionScope.AddPreFormattedFailure(String formattedFailureMessage)
   at FluentAssertions.Execution.AssertionChain.FailWith(Func`1 getFailureReason)
   at FluentAssertions.Execution.AssertionChain.FailWith(Func`1 getFailureReason)
   at FluentAssertions.Execution.AssertionChain.FailWith(String message, Object[] args)
   at FluentAssertions.Collections.GenericCollectionAssertions`3.HaveCount(Int32 expected, String because, Object[] becauseArgs)
   at DigitalMe.Tests.Integration.ChatFlowTests.ChatFlow_WithoutIvanPersonality_ShouldReturnError() in C:\Sources\DigitalMe\tests\DigitalMe.Tests.Integration\ChatFlowTests.cs:line 179
--- End of stack trace from previous location ---

Не пройден!: не пройдено     1, пройдено     0, пропущено     0, всего     1, длительность < 1 ms. - DigitalMe.Tests.Integration.dll (net8.0)
